bench_rt_after  binary=/home/alexey_smolyakov/raw_refactored  secs=300
chain_head=25267445
EVM Indexer | chain=1 mode=local
RPC: http://100.64.0.7:8545
WSS: ws://100.64.0.7:8546
Scylla: 127.0.0.1:9042
Sync: 25267446 → 25267446  workers=64

Historical: blocks 25267446→25267446  workers=64  save_every=24  chunk_buckets=24  split=1,3,6,20,1,1

[25267446] T:146 L:685 IT:1739

Accum 25267446→25267446: saved=1 save=17ms | 13.7 blk/s avg


Historical sync done: 73ms  saved_blocks=1

Realtime mode — listening for new blocks via WSS...

Connecting realtime CQL (32 conns)...
Starting HTTP thread pool (3 persistent threads)...
[rt] blk=25267447 tx=289 log=1066 itx=2439 kb=631+983+2461 | fetch=99 parse=7 xform=1 save=26 cursor=0 | total=134ms
[rt] blk=25267448 tx=148 log=462 itx=2336 kb=449+459+1856 | fetch=56 parse=5 xform=1 save=18 cursor=0 | total=80ms
[rt] blk=25267449 tx=241 log=893 itx=2850 kb=605+846+2516 | fetch=79 parse=7 xform=1 save=26 cursor=0 | total=114ms
[rt] blk=25267450 tx=227 log=602 itx=1596 kb=634+616+1881 | fetch=84 parse=6 xform=1 save=17 cursor=0 | total=108ms
[rt] blk=25267451 tx=715 log=800 itx=1950 kb=855+1255+2104 | fetch=65 parse=7 xform=1 save=25 cursor=0 | total=98ms
[rt] blk=25267452 tx=234 log=695 itx=1764 kb=517+692+1830 | fetch=51 parse=4 xform=1 save=19 cursor=0 | total=75ms
[rt] blk=25267453 tx=414 log=665 itx=1897 kb=500+856+1719 | fetch=64 parse=6 xform=1 save=21 cursor=0 | total=92ms
[rt] blk=25267454 tx=96 log=391 itx=1050 kb=211+358+958 | fetch=32 parse=5 xform=0 save=12 cursor=0 | total=50ms
[rt] blk=25267455 tx=97 log=155 itx=449 kb=111+196+357 | fetch=14 parse=2 xform=0 save=10 cursor=0 | total=27ms
[rt] blk=25267456 tx=389 log=1092 itx=2834 kb=772+1109+2877 | fetch=96 parse=8 xform=1 save=27 cursor=0 | total=132ms
[rt] blk=25267457 tx=1534 log=577 itx=2544 kb=1337+1859+1913 | fetch=62 parse=9 xform=2 save=31 cursor=0 | total=104ms
[rt] blk=25267458 tx=397 log=1351 itx=3179 kb=858+1363+3967 | fetch=116 parse=10 xform=1 save=31 cursor=0 | total=159ms
[rt] blk=25267459 tx=228 log=894 itx=1951 kb=439+818+1834 | fetch=72 parse=7 xform=1 save=20 cursor=0 | total=100ms
[rt] blk=25267460 tx=207 log=965 itx=2315 kb=521+846+2254 | fetch=65 parse=7 xform=1 save=24 cursor=0 | total=97ms
[rt] blk=25267461 tx=99 log=400 itx=1137 kb=186+362+1083 | fetch=37 parse=4 xform=0 save=10 cursor=0 | total=52ms
[rt] blk=25267462 tx=331 log=1380 itx=3405 kb=889+1260+3517 | fetch=113 parse=9 xform=1 save=32 cursor=0 | total=156ms
[rt] blk=25267463 tx=187 log=961 itx=2479 kb=381+816+2238 | fetch=73 parse=5 xform=1 save=25 cursor=0 | total=104ms
[rt] blk=25267464 tx=193 log=1086 itx=3137 kb=519+900+2863 | fetch=87 parse=8 xform=1 save=27 cursor=0 | total=123ms
[rt] blk=25267465 tx=355 log=757 itx=1951 kb=487+865+1855 | fetch=59 parse=6 xform=1 save=19 cursor=0 | total=86ms
[rt] blk=25267466 tx=191 log=769 itx=1952 kb=353+705+1837 | fetch=66 parse=6 xform=1 save=20 cursor=0 | total=93ms
[rt] blk=25267467 tx=415 log=1273 itx=3045 kb=719+1239+2866 | fetch=85 parse=9 xform=2 save=31 cursor=0 | total=126ms
[rt] blk=25267468 tx=270 log=1129 itx=3009 kb=620+1007+3016 | fetch=100 parse=9 xform=1 save=28 cursor=0 | total=138ms
[rt] blk=25267469 tx=129 log=486 itx=1633 kb=266+474+1457 | fetch=47 parse=4 xform=1 save=15 cursor=0 | total=66ms
[rt] blk=25267470 tx=128 log=671 itx=1379 kb=345+568+1785 | fetch=92 parse=5 xform=1 save=16 cursor=0 | total=114ms
DONE
